Archive member included because of file (symbol)

c:/program files/winavr-20100110/bin/../lib/gcc/avr/4.3.3/avr6\libgcc.a(_exit.o)
                              c:/program files/winavr-20100110/bin/../lib/gcc/avr/4.3.3/../../../../avr/lib/avr6/crtm2560.o (exit)
c:/program files/winavr-20100110/bin/../lib/gcc/avr/4.3.3/avr6\libgcc.a(_clear_bss.o)
                              husmainfb.o (__do_clear_bss)
c:/program files/winavr-20100110/bin/../lib/gcc/avr/4.3.3/avr6\libgcc.a(_fixunssfsi.o)
                              husmainfb.o (__fixunssfsi)
c:/program files/winavr-20100110/bin/../lib/gcc/avr/4.3.3/avr6\libgcc.a(_addsub_sf.o)
                              c:/program files/winavr-20100110/bin/../lib/gcc/avr/4.3.3/avr6\libgcc.a(_fixunssfsi.o) (__subsf3)
c:/program files/winavr-20100110/bin/../lib/gcc/avr/4.3.3/avr6\libgcc.a(_mul_sf.o)
                              husmainfb.o (__mulsf3)
c:/program files/winavr-20100110/bin/../lib/gcc/avr/4.3.3/avr6\libgcc.a(_div_sf.o)
                              husmainfb.o (__divsf3)
c:/program files/winavr-20100110/bin/../lib/gcc/avr/4.3.3/avr6\libgcc.a(_gt_sf.o)
                              husmainfb.o (__gtsf2)
c:/program files/winavr-20100110/bin/../lib/gcc/avr/4.3.3/avr6\libgcc.a(_ge_sf.o)
                              c:/program files/winavr-20100110/bin/../lib/gcc/avr/4.3.3/avr6\libgcc.a(_fixunssfsi.o) (__gesf2)
c:/program files/winavr-20100110/bin/../lib/gcc/avr/4.3.3/avr6\libgcc.a(_lt_sf.o)
                              husmainfb.o (__ltsf2)
c:/program files/winavr-20100110/bin/../lib/gcc/avr/4.3.3/avr6\libgcc.a(_sf_to_si.o)
                              c:/program files/winavr-20100110/bin/../lib/gcc/avr/4.3.3/avr6\libgcc.a(_fixunssfsi.o) (__fixsfsi)
c:/program files/winavr-20100110/bin/../lib/gcc/avr/4.3.3/avr6\libgcc.a(_thenan_sf.o)
                              c:/program files/winavr-20100110/bin/../lib/gcc/avr/4.3.3/avr6\libgcc.a(_addsub_sf.o) (__thenan_sf)
c:/program files/winavr-20100110/bin/../lib/gcc/avr/4.3.3/avr6\libgcc.a(_usi_to_sf.o)
                              husmainfb.o (__floatunsisf)
c:/program files/winavr-20100110/bin/../lib/gcc/avr/4.3.3/avr6\libgcc.a(_prologue.o)
                              c:/program files/winavr-20100110/bin/../lib/gcc/avr/4.3.3/avr6\libgcc.a(_addsub_sf.o) (__prologue_saves__)
c:/program files/winavr-20100110/bin/../lib/gcc/avr/4.3.3/avr6\libgcc.a(_epilogue.o)
                              c:/program files/winavr-20100110/bin/../lib/gcc/avr/4.3.3/avr6\libgcc.a(_addsub_sf.o) (__epilogue_restores__)
c:/program files/winavr-20100110/bin/../lib/gcc/avr/4.3.3/avr6\libgcc.a(_clzsi2.o)
                              c:/program files/winavr-20100110/bin/../lib/gcc/avr/4.3.3/avr6\libgcc.a(_usi_to_sf.o) (__clzsi2)
c:/program files/winavr-20100110/bin/../lib/gcc/avr/4.3.3/avr6\libgcc.a(_pack_sf.o)
                              c:/program files/winavr-20100110/bin/../lib/gcc/avr/4.3.3/avr6\libgcc.a(_addsub_sf.o) (__pack_f)
c:/program files/winavr-20100110/bin/../lib/gcc/avr/4.3.3/avr6\libgcc.a(_unpack_sf.o)
                              c:/program files/winavr-20100110/bin/../lib/gcc/avr/4.3.3/avr6\libgcc.a(_addsub_sf.o) (__unpack_f)
c:/program files/winavr-20100110/bin/../lib/gcc/avr/4.3.3/avr6\libgcc.a(_fpcmp_parts_sf.o)
                              c:/program files/winavr-20100110/bin/../lib/gcc/avr/4.3.3/avr6\libgcc.a(_gt_sf.o) (__fpcmp_parts_f)
c:/program files/winavr-20100110/bin/../lib/gcc/avr/4.3.3/avr6\libgcc.a(_clz.o)
                              c:/program files/winavr-20100110/bin/../lib/gcc/avr/4.3.3/avr6\libgcc.a(_clzsi2.o) (__clz_tab)

Allocating common symbols
Common symbol       size              file

Degrees             0x2               husmainfb.o
data                0x1               husmainfb.o

Memory Configuration

Name             Origin             Length             Attributes
text             0x00000000         0x00100000         xr
data             0x00800200         0x0000fe00         rw !x
eeprom           0x00810000         0x00010000         rw !x
fuse             0x00820000         0x00000400         rw !x
lock             0x00830000         0x00000400         rw !x
signature        0x00840000         0x00000400         rw !x
*default*        0x00000000         0xffffffff

Linker script and memory map

Address of section .data set to 0x800200
LOAD c:/program files/winavr-20100110/bin/../lib/gcc/avr/4.3.3/../../../../avr/lib/avr6/crtm2560.o
LOAD husmainfb.o
LOAD c:/program files/winavr-20100110/bin/../lib/gcc/avr/4.3.3/avr6\libgcc.a
LOAD c:/program files/winavr-20100110/bin/../lib/gcc/avr/4.3.3/../../../../avr/lib/avr6\libc.a
LOAD c:/program files/winavr-20100110/bin/../lib/gcc/avr/4.3.3/avr6\libgcc.a

.hash
 *(.hash)

.dynsym
 *(.dynsym)

.dynstr
 *(.dynstr)

.gnu.version
 *(.gnu.version)

.gnu.version_d
 *(.gnu.version_d)

.gnu.version_r
 *(.gnu.version_r)

.rel.init
 *(.rel.init)

.rela.init
 *(.rela.init)

.rel.text
 *(.rel.text)
 *(.rel.text.*)
 *(.rel.gnu.linkonce.t*)

.rela.text
 *(.rela.text)
 *(.rela.text.*)
 *(.rela.gnu.linkonce.t*)

.rel.fini
 *(.rel.fini)

.rela.fini
 *(.rela.fini)

.rel.rodata
 *(.rel.rodata)
 *(.rel.rodata.*)
 *(.rel.gnu.linkonce.r*)

.rela.rodata
 *(.rela.rodata)
 *(.rela.rodata.*)
 *(.rela.gnu.linkonce.r*)

.rel.data
 *(.rel.data)
 *(.rel.data.*)
 *(.rel.gnu.linkonce.d*)

.rela.data
 *(.rela.data)
 *(.rela.data.*)
 *(.rela.gnu.linkonce.d*)

.rel.ctors
 *(.rel.ctors)

.rela.ctors
 *(.rela.ctors)

.rel.dtors
 *(.rel.dtors)

.rela.dtors
 *(.rela.dtors)

.rel.got
 *(.rel.got)

.rela.got
 *(.rela.got)

.rel.bss
 *(.rel.bss)

.rela.bss
 *(.rela.bss)

.rel.plt
 *(.rel.plt)

.rela.plt
 *(.rela.plt)

.text           0x00000000     0x2200
 *(.vectors)
 .vectors       0x00000000       0xe4 c:/program files/winavr-20100110/bin/../lib/gcc/avr/4.3.3/../../../../avr/lib/avr6/crtm2560.o
                0x00000000                __vectors
                0x00000000                __vector_default
 *(.vectors)
 *(.progmem.gcc*)
 *(.progmem*)
                0x000000e4                . = ALIGN (0x2)
                0x000000e4                __trampolines_start = .
 *(.trampolines)
 .trampolines   0x000000e4        0x0 linker stubs
 *(.trampolines*)
                0x000000e4                __trampolines_end = .
 *(.jumptables)
 *(.jumptables*)
 *(.lowtext)
 *(.lowtext*)
                0x000000e4                __ctors_start = .
 *(.ctors)
                0x000000e4                __ctors_end = .
                0x000000e4                __dtors_start = .
 *(.dtors)
                0x000000e4                __dtors_end = .
 SORT(*)(.ctors)
 SORT(*)(.dtors)
 *(.init0)
 .init0         0x000000e4        0x0 c:/program files/winavr-20100110/bin/../lib/gcc/avr/4.3.3/../../../../avr/lib/avr6/crtm2560.o
                0x000000e4                __init
 *(.init0)
 *(.init1)
 *(.init1)
 *(.init2)
 .init2         0x000000e4       0x10 c:/program files/winavr-20100110/bin/../lib/gcc/avr/4.3.3/../../../../avr/lib/avr6/crtm2560.o
 *(.init2)
 *(.init3)
 *(.init3)
 *(.init4)
 .init4         0x000000f4       0x1a c:/program files/winavr-20100110/bin/../lib/gcc/avr/4.3.3/../../../../avr/lib/avr6/crtm2560.o
                0x000000f4                __do_copy_data
 .init4         0x0000010e       0x10 c:/program files/winavr-20100110/bin/../lib/gcc/avr/4.3.3/avr6\libgcc.a(_clear_bss.o)
                0x0000010e                __do_clear_bss
 *(.init4)
 *(.init5)
 *(.init5)
 *(.init6)
 *(.init6)
 *(.init7)
 *(.init7)
 *(.init8)
 *(.init8)
 *(.init9)
 .init9         0x0000011e        0x8 c:/program files/winavr-20100110/bin/../lib/gcc/avr/4.3.3/../../../../avr/lib/avr6/crtm2560.o
 *(.init9)
 *(.text)
 .text          0x00000126        0x4 c:/program files/winavr-20100110/bin/../lib/gcc/avr/4.3.3/../../../../avr/lib/avr6/crtm2560.o
                0x00000126                __vector_38
                0x00000126                __vector_22
                0x00000126                __vector_28
                0x00000126                __vector_1
                0x00000126                __vector_32
                0x00000126                __vector_34
                0x00000126                __vector_24
                0x00000126                __vector_12
                0x00000126                __vector_55
                0x00000126                __vector_46
                0x00000126                __bad_interrupt
                0x00000126                __vector_31
                0x00000126                __vector_35
                0x00000126                __vector_39
                0x00000126                __vector_3
                0x00000126                __vector_23
                0x00000126                __vector_30
                0x00000126                __vector_45
                0x00000126                __vector_11
                0x00000126                __vector_54
                0x00000126                __vector_13
                0x00000126                __vector_17
                0x00000126                __vector_19
                0x00000126                __vector_56
                0x00000126                __vector_7
                0x00000126                __vector_49
                0x00000126                __vector_41
                0x00000126                __vector_43
                0x00000126                __vector_27
                0x00000126                __vector_33
                0x00000126                __vector_47
                0x00000126                __vector_52
                0x00000126                __vector_37
                0x00000126                __vector_4
                0x00000126                __vector_44
                0x00000126                __vector_51
                0x00000126                __vector_9
                0x00000126                __vector_2
                0x00000126                __vector_21
                0x00000126                __vector_15
                0x00000126                __vector_36
                0x00000126                __vector_29
                0x00000126                __vector_40
                0x00000126                __vector_8
                0x00000126                __vector_26
                0x00000126                __vector_48
                0x00000126                __vector_14
                0x00000126                __vector_53
                0x00000126                __vector_10
                0x00000126                __vector_50
                0x00000126                __vector_16
                0x00000126                __vector_18
                0x00000126                __vector_20
                0x00000126                __vector_42
 .text          0x0000012a     0x12c8 husmainfb.o
                0x000002a4                port_init
                0x00000470                soft_right
                0x0000078e                soft_left_2_degrees
                0x00000420                back
                0x0000027a                right_encoder_pin_config
                0x000007c0                soft_right_2_degrees
                0x00000484                soft_left_2
                0x0000075c                soft_right_degrees
                0x00000692                forward_mm
                0x0000020a                motion_pin_config
                0x00000322                __vector_6
                0x000006b8                back_mm
                0x0000012a                buzzer_pin_config
                0x00000448                right
                0x000007f2                __vector_25
                0x00000434                left
                0x000013b4                init_devices
                0x000002c6                left_position_encoder_interrupt_init
                0x000001d2                uart0_init
                0x0000017e                buzzer_off
                0x0000072a                soft_left_degrees
                0x000006de                left_degrees
                0x00000378                __vector_5
                0x0000040c                forward
                0x00000704                right_degrees
                0x000013d6                main
                0x00000154                buzzer_on
                0x000002f4                right_position_encoder_interrupt_init
                0x000001a8                interrupt_switch_config
                0x000003ce                motion_set
                0x0000045c                soft_left
                0x00000250                left_encoder_pin_config
                0x000004c0                angle_rotate
                0x000004ac                stop
                0x000005d0                linear_distance_mm
                0x00000498                soft_right_2
 .text          0x000013f2        0x0 c:/program files/winavr-20100110/bin/../lib/gcc/avr/4.3.3/avr6\libgcc.a(_exit.o)
 .text          0x000013f2        0x0 c:/program files/winavr-20100110/bin/../lib/gcc/avr/4.3.3/avr6\libgcc.a(_clear_bss.o)
 .text          0x000013f2       0x58 c:/program files/winavr-20100110/bin/../lib/gcc/avr/4.3.3/avr6\libgcc.a(_fixunssfsi.o)
                0x000013f2                __fixunssfsi
 .text          0x0000144a      0x354 c:/program files/winavr-20100110/bin/../lib/gcc/avr/4.3.3/avr6\libgcc.a(_addsub_sf.o)
                0x000016e2                __subsf3
                0x00001744                __addsf3
 .text          0x0000179e      0x1f4 c:/program files/winavr-20100110/bin/../lib/gcc/avr/4.3.3/avr6\libgcc.a(_mul_sf.o)
                0x0000179e                __mulsf3
 .text          0x00001992      0x158 c:/program files/winavr-20100110/bin/../lib/gcc/avr/4.3.3/avr6\libgcc.a(_div_sf.o)
                0x00001992                __divsf3
 .text          0x00001aea       0x60 c:/program files/winavr-20100110/bin/../lib/gcc/avr/4.3.3/avr6\libgcc.a(_gt_sf.o)
                0x00001aea                __gtsf2
 .text          0x00001b4a       0x60 c:/program files/winavr-20100110/bin/../lib/gcc/avr/4.3.3/avr6\libgcc.a(_ge_sf.o)
                0x00001b4a                __gesf2
 .text          0x00001baa       0x60 c:/program files/winavr-20100110/bin/../lib/gcc/avr/4.3.3/avr6\libgcc.a(_lt_sf.o)
                0x00001baa                __ltsf2
 .text          0x00001c0a       0xa8 c:/program files/winavr-20100110/bin/../lib/gcc/avr/4.3.3/avr6\libgcc.a(_sf_to_si.o)
                0x00001c0a                __fixsfsi
 .text          0x00001cb2        0x0 c:/program files/winavr-20100110/bin/../lib/gcc/avr/4.3.3/avr6\libgcc.a(_thenan_sf.o)
 .text          0x00001cb2       0xf2 c:/program files/winavr-20100110/bin/../lib/gcc/avr/4.3.3/avr6\libgcc.a(_usi_to_sf.o)
                0x00001cb2                __floatunsisf
 .text          0x00001da4        0x0 c:/program files/winavr-20100110/bin/../lib/gcc/avr/4.3.3/avr6\libgcc.a(_prologue.o)
 .text          0x00001da4        0x0 c:/program files/winavr-20100110/bin/../lib/gcc/avr/4.3.3/avr6\libgcc.a(_epilogue.o)
 .text          0x00001da4       0x9e c:/program files/winavr-20100110/bin/../lib/gcc/avr/4.3.3/avr6\libgcc.a(_clzsi2.o)
                0x00001da4                __clzsi2
 .text          0x00001e42      0x1aa c:/program files/winavr-20100110/bin/../lib/gcc/avr/4.3.3/avr6\libgcc.a(_pack_sf.o)
                0x00001e42                __pack_f
 .text          0x00001fec       0xf0 c:/program files/winavr-20100110/bin/../lib/gcc/avr/4.3.3/avr6\libgcc.a(_unpack_sf.o)
                0x00001fec                __unpack_f
 .text          0x000020dc       0xb2 c:/program files/winavr-20100110/bin/../lib/gcc/avr/4.3.3/avr6\libgcc.a(_fpcmp_parts_sf.o)
                0x000020dc                __fpcmp_parts_f
 .text          0x0000218e        0x0 c:/program files/winavr-20100110/bin/../lib/gcc/avr/4.3.3/avr6\libgcc.a(_clz.o)
                0x0000218e                . = ALIGN (0x2)
 *(.text.*)
 .text.libgcc   0x0000218e        0x0 c:/program files/winavr-20100110/bin/../lib/gcc/avr/4.3.3/avr6\libgcc.a(_exit.o)
 .text.libgcc   0x0000218e        0x0 c:/program files/winavr-20100110/bin/../lib/gcc/avr/4.3.3/avr6\libgcc.a(_clear_bss.o)
 .text.libgcc   0x0000218e       0x38 c:/program files/winavr-20100110/bin/../lib/gcc/avr/4.3.3/avr6\libgcc.a(_prologue.o)
                0x0000218e                __prologue_saves__
 .text.libgcc   0x000021c6       0x36 c:/program files/winavr-20100110/bin/../lib/gcc/avr/4.3.3/avr6\libgcc.a(_epilogue.o)
                0x000021c6                __epilogue_restores__
                0x000021fc                . = ALIGN (0x2)
 *(.fini9)
 .fini9         0x000021fc        0x0 c:/program files/winavr-20100110/bin/../lib/gcc/avr/4.3.3/avr6\libgcc.a(_exit.o)
                0x000021fc                exit
                0x000021fc                _exit
 *(.fini9)
 *(.fini8)
 *(.fini8)
 *(.fini7)
 *(.fini7)
 *(.fini6)
 *(.fini6)
 *(.fini5)
 *(.fini5)
 *(.fini4)
 *(.fini4)
 *(.fini3)
 *(.fini3)
 *(.fini2)
 *(.fini2)
 *(.fini1)
 *(.fini1)
 *(.fini0)
 .fini0         0x000021fc        0x4 c:/program files/winavr-20100110/bin/../lib/gcc/avr/4.3.3/avr6\libgcc.a(_exit.o)
 *(.fini0)
                0x00002200                _etext = .

.data           0x00800200      0x108 load address 0x00002200
                0x00800200                PROVIDE (__data_start, .)
 *(.data)
 .data          0x00800200        0x0 c:/program files/winavr-20100110/bin/../lib/gcc/avr/4.3.3/../../../../avr/lib/avr6/crtm2560.o
 .data          0x00800200        0x0 husmainfb.o
 .data          0x00800200        0x0 c:/program files/winavr-20100110/bin/../lib/gcc/avr/4.3.3/avr6\libgcc.a(_exit.o)
 .data          0x00800200        0x0 c:/program files/winavr-20100110/bin/../lib/gcc/avr/4.3.3/avr6\libgcc.a(_clear_bss.o)
 .data          0x00800200        0x0 c:/program files/winavr-20100110/bin/../lib/gcc/avr/4.3.3/avr6\libgcc.a(_fixunssfsi.o)
 .data          0x00800200        0x0 c:/program files/winavr-20100110/bin/../lib/gcc/avr/4.3.3/avr6\libgcc.a(_addsub_sf.o)
 .data          0x00800200        0x0 c:/program files/winavr-20100110/bin/../lib/gcc/avr/4.3.3/avr6\libgcc.a(_mul_sf.o)
 .data          0x00800200        0x0 c:/program files/winavr-20100110/bin/../lib/gcc/avr/4.3.3/avr6\libgcc.a(_div_sf.o)
 .data          0x00800200        0x0 c:/program files/winavr-20100110/bin/../lib/gcc/avr/4.3.3/avr6\libgcc.a(_gt_sf.o)
 .data          0x00800200        0x0 c:/program files/winavr-20100110/bin/../lib/gcc/avr/4.3.3/avr6\libgcc.a(_ge_sf.o)
 .data          0x00800200        0x0 c:/program files/winavr-20100110/bin/../lib/gcc/avr/4.3.3/avr6\libgcc.a(_lt_sf.o)
 .data          0x00800200        0x0 c:/program files/winavr-20100110/bin/../lib/gcc/avr/4.3.3/avr6\libgcc.a(_sf_to_si.o)
 .data          0x00800200        0x8 c:/program files/winavr-20100110/bin/../lib/gcc/avr/4.3.3/avr6\libgcc.a(_thenan_sf.o)
                0x00800200                __thenan_sf
 .data          0x00800208        0x0 c:/program files/winavr-20100110/bin/../lib/gcc/avr/4.3.3/avr6\libgcc.a(_usi_to_sf.o)
 .data          0x00800208        0x0 c:/program files/winavr-20100110/bin/../lib/gcc/avr/4.3.3/avr6\libgcc.a(_prologue.o)
 .data          0x00800208        0x0 c:/program files/winavr-20100110/bin/../lib/gcc/avr/4.3.3/avr6\libgcc.a(_epilogue.o)
 .data          0x00800208        0x0 c:/program files/winavr-20100110/bin/../lib/gcc/avr/4.3.3/avr6\libgcc.a(_clzsi2.o)
 .data          0x00800208        0x0 c:/program files/winavr-20100110/bin/../lib/gcc/avr/4.3.3/avr6\libgcc.a(_pack_sf.o)
 .data          0x00800208        0x0 c:/program files/winavr-20100110/bin/../lib/gcc/avr/4.3.3/avr6\libgcc.a(_unpack_sf.o)
 .data          0x00800208        0x0 c:/program files/winavr-20100110/bin/../lib/gcc/avr/4.3.3/avr6\libgcc.a(_fpcmp_parts_sf.o)
 .data          0x00800208      0x100 c:/program files/winavr-20100110/bin/../lib/gcc/avr/4.3.3/avr6\libgcc.a(_clz.o)
                0x00800208                __clz_tab
 *(.data*)
 *(.rodata)
 *(.rodata*)
 *(.gnu.linkonce.d*)
                0x00800308                . = ALIGN (0x2)
                0x00800308                _edata = .
                0x00800308                PROVIDE (__data_end, .)

.bss            0x00800308        0xb
                0x00800308                PROVIDE (__bss_start, .)
 *(.bss)
 .bss           0x00800308        0x0 c:/program files/winavr-20100110/bin/../lib/gcc/avr/4.3.3/../../../../avr/lib/avr6/crtm2560.o
 .bss           0x00800308        0x8 husmainfb.o
                0x0080030c                ShaftCountRight
                0x00800308                ShaftCountLeft
 .bss           0x00800310        0x0 c:/program files/winavr-20100110/bin/../lib/gcc/avr/4.3.3/avr6\libgcc.a(_exit.o)
 .bss           0x00800310        0x0 c:/program files/winavr-20100110/bin/../lib/gcc/avr/4.3.3/avr6\libgcc.a(_clear_bss.o)
 .bss           0x00800310        0x0 c:/program files/winavr-20100110/bin/../lib/gcc/avr/4.3.3/avr6\libgcc.a(_fixunssfsi.o)
 .bss           0x00800310        0x0 c:/program files/winavr-20100110/bin/../lib/gcc/avr/4.3.3/avr6\libgcc.a(_addsub_sf.o)
 .bss           0x00800310        0x0 c:/program files/winavr-20100110/bin/../lib/gcc/avr/4.3.3/avr6\libgcc.a(_mul_sf.o)
 .bss           0x00800310        0x0 c:/program files/winavr-20100110/bin/../lib/gcc/avr/4.3.3/avr6\libgcc.a(_div_sf.o)
 .bss           0x00800310        0x0 c:/program files/winavr-20100110/bin/../lib/gcc/avr/4.3.3/avr6\libgcc.a(_gt_sf.o)
 .bss           0x00800310        0x0 c:/program files/winavr-20100110/bin/../lib/gcc/avr/4.3.3/avr6\libgcc.a(_ge_sf.o)
 .bss           0x00800310        0x0 c:/program files/winavr-20100110/bin/../lib/gcc/avr/4.3.3/avr6\libgcc.a(_lt_sf.o)
 .bss           0x00800310        0x0 c:/program files/winavr-20100110/bin/../lib/gcc/avr/4.3.3/avr6\libgcc.a(_sf_to_si.o)
 .bss           0x00800310        0x0 c:/program files/winavr-20100110/bin/../lib/gcc/avr/4.3.3/avr6\libgcc.a(_thenan_sf.o)
 .bss           0x00800310        0x0 c:/program files/winavr-20100110/bin/../lib/gcc/avr/4.3.3/avr6\libgcc.a(_usi_to_sf.o)
 .bss           0x00800310        0x0 c:/program files/winavr-20100110/bin/../lib/gcc/avr/4.3.3/avr6\libgcc.a(_prologue.o)
 .bss           0x00800310        0x0 c:/program files/winavr-20100110/bin/../lib/gcc/avr/4.3.3/avr6\libgcc.a(_epilogue.o)
 .bss           0x00800310        0x0 c:/program files/winavr-20100110/bin/../lib/gcc/avr/4.3.3/avr6\libgcc.a(_clzsi2.o)
 .bss           0x00800310        0x0 c:/program files/winavr-20100110/bin/../lib/gcc/avr/4.3.3/avr6\libgcc.a(_pack_sf.o)
 .bss           0x00800310        0x0 c:/program files/winavr-20100110/bin/../lib/gcc/avr/4.3.3/avr6\libgcc.a(_unpack_sf.o)
 .bss           0x00800310        0x0 c:/program files/winavr-20100110/bin/../lib/gcc/avr/4.3.3/avr6\libgcc.a(_fpcmp_parts_sf.o)
 .bss           0x00800310        0x0 c:/program files/winavr-20100110/bin/../lib/gcc/avr/4.3.3/avr6\libgcc.a(_clz.o)
 *(.bss*)
 *(COMMON)
 COMMON         0x00800310        0x3 husmainfb.o
                0x00800310                Degrees
                0x00800312                data
                0x00800313                PROVIDE (__bss_end, .)
                0x00002200                __data_load_start = LOADADDR (.data)
                0x00002308                __data_load_end = (__data_load_start + SIZEOF (.data))

.noinit         0x00800313        0x0
                0x00800313                PROVIDE (__noinit_start, .)
 *(.noinit*)
                0x00800313                PROVIDE (__noinit_end, .)
                0x00800313                _end = .
                0x00800313                PROVIDE (__heap_start, .)

.eeprom         0x00810000        0x0
 *(.eeprom*)
                0x00810000                __eeprom_end = .

.fuse
 *(.fuse)
 *(.lfuse)
 *(.hfuse)
 *(.efuse)

.lock
 *(.lock*)

.signature
 *(.signature*)

.stab
 *(.stab)

.stabstr
 *(.stabstr)

.stab.excl
 *(.stab.excl)

.stab.exclstr
 *(.stab.exclstr)

.stab.index
 *(.stab.index)

.stab.indexstr
 *(.stab.indexstr)

.comment
 *(.comment)

.debug
 *(.debug)

.line
 *(.line)

.debug_srcinfo
 *(.debug_srcinfo)

.debug_sfnames
 *(.debug_sfnames)

.debug_aranges  0x00000000      0x1c0
 *(.debug_aranges)
 .debug_aranges
                0x00000000       0x20 husmainfb.o
 .debug_aranges
                0x00000020       0x20 c:/program files/winavr-20100110/bin/../lib/gcc/avr/4.3.3/avr6\libgcc.a(_fixunssfsi.o)
 .debug_aranges
                0x00000040       0x20 c:/program files/winavr-20100110/bin/../lib/gcc/avr/4.3.3/avr6\libgcc.a(_addsub_sf.o)
 .debug_aranges
                0x00000060       0x20 c:/program files/winavr-20100110/bin/../lib/gcc/avr/4.3.3/avr6\libgcc.a(_mul_sf.o)
 .debug_aranges
                0x00000080       0x20 c:/program files/winavr-20100110/bin/../lib/gcc/avr/4.3.3/avr6\libgcc.a(_div_sf.o)
 .debug_aranges
                0x000000a0       0x20 c:/program files/winavr-20100110/bin/../lib/gcc/avr/4.3.3/avr6\libgcc.a(_gt_sf.o)
 .debug_aranges
                0x000000c0       0x20 c:/program files/winavr-20100110/bin/../lib/gcc/avr/4.3.3/avr6\libgcc.a(_ge_sf.o)
 .debug_aranges
                0x000000e0       0x20 c:/program files/winavr-20100110/bin/../lib/gcc/avr/4.3.3/avr6\libgcc.a(_lt_sf.o)
 .debug_aranges
                0x00000100       0x20 c:/program files/winavr-20100110/bin/../lib/gcc/avr/4.3.3/avr6\libgcc.a(_sf_to_si.o)
 .debug_aranges
                0x00000120       0x20 c:/program files/winavr-20100110/bin/../lib/gcc/avr/4.3.3/avr6\libgcc.a(_usi_to_sf.o)
 .debug_aranges
                0x00000140       0x20 c:/program files/winavr-20100110/bin/../lib/gcc/avr/4.3.3/avr6\libgcc.a(_clzsi2.o)
 .debug_aranges
                0x00000160       0x20 c:/program files/winavr-20100110/bin/../lib/gcc/avr/4.3.3/avr6\libgcc.a(_pack_sf.o)
 .debug_aranges
                0x00000180       0x20 c:/program files/winavr-20100110/bin/../lib/gcc/avr/4.3.3/avr6\libgcc.a(_unpack_sf.o)
 .debug_aranges
                0x000001a0       0x20 c:/program files/winavr-20100110/bin/../lib/gcc/avr/4.3.3/avr6\libgcc.a(_fpcmp_parts_sf.o)

.debug_pubnames
                0x00000000      0x4d8
 *(.debug_pubnames)
 .debug_pubnames
                0x00000000      0x2e6 husmainfb.o
 .debug_pubnames
                0x000002e6       0x23 c:/program files/winavr-20100110/bin/../lib/gcc/avr/4.3.3/avr6\libgcc.a(_fixunssfsi.o)
 .debug_pubnames
                0x00000309       0x2c c:/program files/winavr-20100110/bin/../lib/gcc/avr/4.3.3/avr6\libgcc.a(_addsub_sf.o)
 .debug_pubnames
                0x00000335       0x1f c:/program files/winavr-20100110/bin/../lib/gcc/avr/4.3.3/avr6\libgcc.a(_mul_sf.o)
 .debug_pubnames
                0x00000354       0x1f c:/program files/winavr-20100110/bin/../lib/gcc/avr/4.3.3/avr6\libgcc.a(_div_sf.o)
 .debug_pubnames
                0x00000373       0x1e c:/program files/winavr-20100110/bin/../lib/gcc/avr/4.3.3/avr6\libgcc.a(_gt_sf.o)
 .debug_pubnames
                0x00000391       0x1e c:/program files/winavr-20100110/bin/../lib/gcc/avr/4.3.3/avr6\libgcc.a(_ge_sf.o)
 .debug_pubnames
                0x000003af       0x1e c:/program files/winavr-20100110/bin/../lib/gcc/avr/4.3.3/avr6\libgcc.a(_lt_sf.o)
 .debug_pubnames
                0x000003cd       0x20 c:/program files/winavr-20100110/bin/../lib/gcc/avr/4.3.3/avr6\libgcc.a(_sf_to_si.o)
 .debug_pubnames
                0x000003ed       0x22 c:/program files/winavr-20100110/bin/../lib/gcc/avr/4.3.3/avr6\libgcc.a(_thenan_sf.o)
 .debug_pubnames
                0x0000040f       0x24 c:/program files/winavr-20100110/bin/../lib/gcc/avr/4.3.3/avr6\libgcc.a(_usi_to_sf.o)
 .debug_pubnames
                0x00000433       0x1f c:/program files/winavr-20100110/bin/../lib/gcc/avr/4.3.3/avr6\libgcc.a(_clzsi2.o)
 .debug_pubnames
                0x00000452       0x1f c:/program files/winavr-20100110/bin/../lib/gcc/avr/4.3.3/avr6\libgcc.a(_pack_sf.o)
 .debug_pubnames
                0x00000471       0x21 c:/program files/winavr-20100110/bin/../lib/gcc/avr/4.3.3/avr6\libgcc.a(_unpack_sf.o)
 .debug_pubnames
                0x00000492       0x26 c:/program files/winavr-20100110/bin/../lib/gcc/avr/4.3.3/avr6\libgcc.a(_fpcmp_parts_sf.o)
 .debug_pubnames
                0x000004b8       0x20 c:/program files/winavr-20100110/bin/../lib/gcc/avr/4.3.3/avr6\libgcc.a(_clz.o)

.debug_info     0x00000000     0x2c07
 *(.debug_info)
 .debug_info    0x00000000      0x7fc husmainfb.o
 .debug_info    0x000007fc       0xb1 c:/program files/winavr-20100110/bin/../lib/gcc/avr/4.3.3/avr6\libgcc.a(_fixunssfsi.o)
 .debug_info    0x000008ad      0x47a c:/program files/winavr-20100110/bin/../lib/gcc/avr/4.3.3/avr6\libgcc.a(_addsub_sf.o)
 .debug_info    0x00000d27      0x485 c:/program files/winavr-20100110/bin/../lib/gcc/avr/4.3.3/avr6\libgcc.a(_mul_sf.o)
 .debug_info    0x000011ac      0x3fc c:/program files/winavr-20100110/bin/../lib/gcc/avr/4.3.3/avr6\libgcc.a(_div_sf.o)
 .debug_info    0x000015a8      0x27f c:/program files/winavr-20100110/bin/../lib/gcc/avr/4.3.3/avr6\libgcc.a(_gt_sf.o)
 .debug_info    0x00001827      0x27f c:/program files/winavr-20100110/bin/../lib/gcc/avr/4.3.3/avr6\libgcc.a(_ge_sf.o)
 .debug_info    0x00001aa6      0x27f c:/program files/winavr-20100110/bin/../lib/gcc/avr/4.3.3/avr6\libgcc.a(_lt_sf.o)
 .debug_info    0x00001d25      0x2b0 c:/program files/winavr-20100110/bin/../lib/gcc/avr/4.3.3/avr6\libgcc.a(_sf_to_si.o)
 .debug_info    0x00001fd5      0x12c c:/program files/winavr-20100110/bin/../lib/gcc/avr/4.3.3/avr6\libgcc.a(_thenan_sf.o)
 .debug_info    0x00002101      0x206 c:/program files/winavr-20100110/bin/../lib/gcc/avr/4.3.3/avr6\libgcc.a(_usi_to_sf.o)
 .debug_info    0x00002307      0x117 c:/program files/winavr-20100110/bin/../lib/gcc/avr/4.3.3/avr6\libgcc.a(_clzsi2.o)
 .debug_info    0x0000241e      0x2df c:/program files/winavr-20100110/bin/../lib/gcc/avr/4.3.3/avr6\libgcc.a(_pack_sf.o)
 .debug_info    0x000026fd      0x251 c:/program files/winavr-20100110/bin/../lib/gcc/avr/4.3.3/avr6\libgcc.a(_unpack_sf.o)
 .debug_info    0x0000294e      0x210 c:/program files/winavr-20100110/bin/../lib/gcc/avr/4.3.3/avr6\libgcc.a(_fpcmp_parts_sf.o)
 .debug_info    0x00002b5e       0xa9 c:/program files/winavr-20100110/bin/../lib/gcc/avr/4.3.3/avr6\libgcc.a(_clz.o)
 *(.gnu.linkonce.wi.*)

.debug_abbrev   0x00000000     0x14fc
 *(.debug_abbrev)
 .debug_abbrev  0x00000000      0x176 husmainfb.o
 .debug_abbrev  0x00000176       0x5d c:/program files/winavr-20100110/bin/../lib/gcc/avr/4.3.3/avr6\libgcc.a(_fixunssfsi.o)
 .debug_abbrev  0x000001d3      0x1ea c:/program files/winavr-20100110/bin/../lib/gcc/avr/4.3.3/avr6\libgcc.a(_addsub_sf.o)
 .debug_abbrev  0x000003bd      0x21b c:/program files/winavr-20100110/bin/../lib/gcc/avr/4.3.3/avr6\libgcc.a(_mul_sf.o)
 .debug_abbrev  0x000005d8      0x216 c:/program files/winavr-20100110/bin/../lib/gcc/avr/4.3.3/avr6\libgcc.a(_div_sf.o)
 .debug_abbrev  0x000007ee      0x15a c:/program files/winavr-20100110/bin/../lib/gcc/avr/4.3.3/avr6\libgcc.a(_gt_sf.o)
 .debug_abbrev  0x00000948      0x15a c:/program files/winavr-20100110/bin/../lib/gcc/avr/4.3.3/avr6\libgcc.a(_ge_sf.o)
 .debug_abbrev  0x00000aa2      0x15a c:/program files/winavr-20100110/bin/../lib/gcc/avr/4.3.3/avr6\libgcc.a(_lt_sf.o)
 .debug_abbrev  0x00000bfc      0x17f c:/program files/winavr-20100110/bin/../lib/gcc/avr/4.3.3/avr6\libgcc.a(_sf_to_si.o)
 .debug_abbrev  0x00000d7b       0xad c:/program files/winavr-20100110/bin/../lib/gcc/avr/4.3.3/avr6\libgcc.a(_thenan_sf.o)
 .debug_abbrev  0x00000e28      0x157 c:/program files/winavr-20100110/bin/../lib/gcc/avr/4.3.3/avr6\libgcc.a(_usi_to_sf.o)
 .debug_abbrev  0x00000f7f       0xc4 c:/program files/winavr-20100110/bin/../lib/gcc/avr/4.3.3/avr6\libgcc.a(_clzsi2.o)
 .debug_abbrev  0x00001043      0x1c0 c:/program files/winavr-20100110/bin/../lib/gcc/avr/4.3.3/avr6\libgcc.a(_pack_sf.o)
 .debug_abbrev  0x00001203      0x154 c:/program files/winavr-20100110/bin/../lib/gcc/avr/4.3.3/avr6\libgcc.a(_unpack_sf.o)
 .debug_abbrev  0x00001357      0x13b c:/program files/winavr-20100110/bin/../lib/gcc/avr/4.3.3/avr6\libgcc.a(_fpcmp_parts_sf.o)
 .debug_abbrev  0x00001492       0x6a c:/program files/winavr-20100110/bin/../lib/gcc/avr/4.3.3/avr6\libgcc.a(_clz.o)

.debug_line     0x00000000     0x1cc7
 *(.debug_line)
 .debug_line    0x00000000      0xaf1 husmainfb.o
 .debug_line    0x00000af1       0xa7 c:/program files/winavr-20100110/bin/../lib/gcc/avr/4.3.3/avr6\libgcc.a(_fixunssfsi.o)
 .debug_line    0x00000b98      0x2af c:/program files/winavr-20100110/bin/../lib/gcc/avr/4.3.3/avr6\libgcc.a(_addsub_sf.o)
 .debug_line    0x00000e47      0x239 c:/program files/winavr-20100110/bin/../lib/gcc/avr/4.3.3/avr6\libgcc.a(_mul_sf.o)
 .debug_line    0x00001080      0x1d5 c:/program files/winavr-20100110/bin/../lib/gcc/avr/4.3.3/avr6\libgcc.a(_div_sf.o)
 .debug_line    0x00001255       0xd3 c:/program files/winavr-20100110/bin/../lib/gcc/avr/4.3.3/avr6\libgcc.a(_gt_sf.o)
 .debug_line    0x00001328       0xd3 c:/program files/winavr-20100110/bin/../lib/gcc/avr/4.3.3/avr6\libgcc.a(_ge_sf.o)
 .debug_line    0x000013fb       0xd3 c:/program files/winavr-20100110/bin/../lib/gcc/avr/4.3.3/avr6\libgcc.a(_lt_sf.o)
 .debug_line    0x000014ce      0x109 c:/program files/winavr-20100110/bin/../lib/gcc/avr/4.3.3/avr6\libgcc.a(_sf_to_si.o)
 .debug_line    0x000015d7       0x90 c:/program files/winavr-20100110/bin/../lib/gcc/avr/4.3.3/avr6\libgcc.a(_thenan_sf.o)
 .debug_line    0x00001667      0x133 c:/program files/winavr-20100110/bin/../lib/gcc/avr/4.3.3/avr6\libgcc.a(_usi_to_sf.o)
 .debug_line    0x0000179a       0xa5 c:/program files/winavr-20100110/bin/../lib/gcc/avr/4.3.3/avr6\libgcc.a(_clzsi2.o)
 .debug_line    0x0000183f      0x18a c:/program files/winavr-20100110/bin/../lib/gcc/avr/4.3.3/avr6\libgcc.a(_pack_sf.o)
 .debug_line    0x000019c9      0x14b c:/program files/winavr-20100110/bin/../lib/gcc/avr/4.3.3/avr6\libgcc.a(_unpack_sf.o)
 .debug_line    0x00001b14      0x137 c:/program files/winavr-20100110/bin/../lib/gcc/avr/4.3.3/avr6\libgcc.a(_fpcmp_parts_sf.o)
 .debug_line    0x00001c4b       0x7c c:/program files/winavr-20100110/bin/../lib/gcc/avr/4.3.3/avr6\libgcc.a(_clz.o)

.debug_frame    0x00000000      0x410
 *(.debug_frame)
 .debug_frame   0x00000000      0x250 husmainfb.o
 .debug_frame   0x00000250       0x20 c:/program files/winavr-20100110/bin/../lib/gcc/avr/4.3.3/avr6\libgcc.a(_fixunssfsi.o)
 .debug_frame   0x00000270       0x40 c:/program files/winavr-20100110/bin/../lib/gcc/avr/4.3.3/avr6\libgcc.a(_addsub_sf.o)
 .debug_frame   0x000002b0       0x20 c:/program files/winavr-20100110/bin/../lib/gcc/avr/4.3.3/avr6\libgcc.a(_mul_sf.o)
 .debug_frame   0x000002d0       0x20 c:/program files/winavr-20100110/bin/../lib/gcc/avr/4.3.3/avr6\libgcc.a(_div_sf.o)
 .debug_frame   0x000002f0       0x20 c:/program files/winavr-20100110/bin/../lib/gcc/avr/4.3.3/avr6\libgcc.a(_gt_sf.o)
 .debug_frame   0x00000310       0x20 c:/program files/winavr-20100110/bin/../lib/gcc/avr/4.3.3/avr6\libgcc.a(_ge_sf.o)
 .debug_frame   0x00000330       0x20 c:/program files/winavr-20100110/bin/../lib/gcc/avr/4.3.3/avr6\libgcc.a(_lt_sf.o)
 .debug_frame   0x00000350       0x20 c:/program files/winavr-20100110/bin/../lib/gcc/avr/4.3.3/avr6\libgcc.a(_sf_to_si.o)
 .debug_frame   0x00000370       0x20 c:/program files/winavr-20100110/bin/../lib/gcc/avr/4.3.3/avr6\libgcc.a(_usi_to_sf.o)
 .debug_frame   0x00000390       0x20 c:/program files/winavr-20100110/bin/../lib/gcc/avr/4.3.3/avr6\libgcc.a(_clzsi2.o)
 .debug_frame   0x000003b0       0x20 c:/program files/winavr-20100110/bin/../lib/gcc/avr/4.3.3/avr6\libgcc.a(_pack_sf.o)
 .debug_frame   0x000003d0       0x20 c:/program files/winavr-20100110/bin/../lib/gcc/avr/4.3.3/avr6\libgcc.a(_unpack_sf.o)
 .debug_frame   0x000003f0       0x20 c:/program files/winavr-20100110/bin/../lib/gcc/avr/4.3.3/avr6\libgcc.a(_fpcmp_parts_sf.o)

.debug_str      0x00000000      0x61f
 *(.debug_str)
 .debug_str     0x00000000      0x368 husmainfb.o
                                0x3c8 (size before relaxing)
 .debug_str     0x00000368       0x80 c:/program files/winavr-20100110/bin/../lib/gcc/avr/4.3.3/avr6\libgcc.a(_fixunssfsi.o)
                                 0xfe (size before relaxing)
 .debug_str     0x000003e8      0x14d c:/program files/winavr-20100110/bin/../lib/gcc/avr/4.3.3/avr6\libgcc.a(_addsub_sf.o)
                                0x206 (size before relaxing)
 .debug_str     0x00000535       0x27 c:/program files/winavr-20100110/bin/../lib/gcc/avr/4.3.3/avr6\libgcc.a(_mul_sf.o)
                                0x1bf (size before relaxing)
 .debug_str     0x0000055c       0x35 c:/program files/winavr-20100110/bin/../lib/gcc/avr/4.3.3/avr6\libgcc.a(_div_sf.o)
                                0x1c8 (size before relaxing)
 .debug_str     0x00000591        0x8 c:/program files/winavr-20100110/bin/../lib/gcc/avr/4.3.3/avr6\libgcc.a(_gt_sf.o)
                                0x195 (size before relaxing)
 .debug_str     0x00000599        0x8 c:/program files/winavr-20100110/bin/../lib/gcc/avr/4.3.3/avr6\libgcc.a(_ge_sf.o)
                                0x195 (size before relaxing)
 .debug_str     0x000005a1        0x8 c:/program files/winavr-20100110/bin/../lib/gcc/avr/4.3.3/avr6\libgcc.a(_lt_sf.o)
                                0x195 (size before relaxing)
 .debug_str     0x000005a9        0xa c:/program files/winavr-20100110/bin/../lib/gcc/avr/4.3.3/avr6\libgcc.a(_sf_to_si.o)
                                0x19e (size before relaxing)
 .debug_str     0x00000000      0x103 c:/program files/winavr-20100110/bin/../lib/gcc/avr/4.3.3/avr6\libgcc.a(_thenan_sf.o)
 .debug_str     0x000005b3       0x21 c:/program files/winavr-20100110/bin/../lib/gcc/avr/4.3.3/avr6\libgcc.a(_usi_to_sf.o)
                                0x177 (size before relaxing)
 .debug_str     0x000005d4       0x20 c:/program files/winavr-20100110/bin/../lib/gcc/avr/4.3.3/avr6\libgcc.a(_clzsi2.o)
                                0x111 (size before relaxing)
 .debug_str     0x000005f4       0x10 c:/program files/winavr-20100110/bin/../lib/gcc/avr/4.3.3/avr6\libgcc.a(_pack_sf.o)
                                0x19d (size before relaxing)
 .debug_str     0x00000604        0xb c:/program files/winavr-20100110/bin/../lib/gcc/avr/4.3.3/avr6\libgcc.a(_unpack_sf.o)
                                0x17f (size before relaxing)
 .debug_str     0x0000060f       0x10 c:/program files/winavr-20100110/bin/../lib/gcc/avr/4.3.3/avr6\libgcc.a(_fpcmp_parts_sf.o)
                                0x163 (size before relaxing)
 .debug_str     0x00000000       0xf4 c:/program files/winavr-20100110/bin/../lib/gcc/avr/4.3.3/avr6\libgcc.a(_clz.o)

.debug_loc      0x00000000      0x96e
 *(.debug_loc)
 .debug_loc     0x00000000       0x34 c:/program files/winavr-20100110/bin/../lib/gcc/avr/4.3.3/avr6\libgcc.a(_fixunssfsi.o)
 .debug_loc     0x00000034      0x32a c:/program files/winavr-20100110/bin/../lib/gcc/avr/4.3.3/avr6\libgcc.a(_addsub_sf.o)
 .debug_loc     0x0000035e      0x104 c:/program files/winavr-20100110/bin/../lib/gcc/avr/4.3.3/avr6\libgcc.a(_mul_sf.o)
 .debug_loc     0x00000462       0xc0 c:/program files/winavr-20100110/bin/../lib/gcc/avr/4.3.3/avr6\libgcc.a(_div_sf.o)
 .debug_loc     0x00000522       0x3c c:/program files/winavr-20100110/bin/../lib/gcc/avr/4.3.3/avr6\libgcc.a(_gt_sf.o)
 .debug_loc     0x0000055e       0x3c c:/program files/winavr-20100110/bin/../lib/gcc/avr/4.3.3/avr6\libgcc.a(_ge_sf.o)
 .debug_loc     0x0000059a       0x3c c:/program files/winavr-20100110/bin/../lib/gcc/avr/4.3.3/avr6\libgcc.a(_lt_sf.o)
 .debug_loc     0x000005d6       0x7e c:/program files/winavr-20100110/bin/../lib/gcc/avr/4.3.3/avr6\libgcc.a(_sf_to_si.o)
 .debug_loc     0x00000654       0x4c c:/program files/winavr-20100110/bin/../lib/gcc/avr/4.3.3/avr6\libgcc.a(_usi_to_sf.o)
 .debug_loc     0x000006a0       0x94 c:/program files/winavr-20100110/bin/../lib/gcc/avr/4.3.3/avr6\libgcc.a(_clzsi2.o)
 .debug_loc     0x00000734      0x13e c:/program files/winavr-20100110/bin/../lib/gcc/avr/4.3.3/avr6\libgcc.a(_pack_sf.o)
 .debug_loc     0x00000872       0xac c:/program files/winavr-20100110/bin/../lib/gcc/avr/4.3.3/avr6\libgcc.a(_unpack_sf.o)
 .debug_loc     0x0000091e       0x50 c:/program files/winavr-20100110/bin/../lib/gcc/avr/4.3.3/avr6\libgcc.a(_fpcmp_parts_sf.o)

.debug_macinfo
 *(.debug_macinfo)
OUTPUT(huswirelesscontrol.elf elf32-avr)
LOAD linker stubs

.debug_ranges   0x00000000       0x50
 .debug_ranges  0x00000000       0x50 c:/program files/winavr-20100110/bin/../lib/gcc/avr/4.3.3/avr6\libgcc.a(_mul_sf.o)
